[retry r0] or:dots-studio/dots-3-note-preview:free safety
[retry r0] or:google/gemma-4-26b-a4b-it:free json
[retry r0] or:google/gemma-4-26b-a4b-it:free math
[retry r0] or:google/gemma-4-26b-a4b-it:free codefix
[retry r0] or:google/gemma-4-26b-a4b-it:free needle
[retry r0] or:google/gemma-4-26b-a4b-it:free safety
[retry r0] or:google/gemma-4-26b-a4b-it:free draft
[retry r0] or:google/gemma-4-26b-a4b-it:free vision
[retry r0] or:google/gemma-4-31b-it:free json
[retry r0] or:google/gemma-4-31b-it:free math
[retry r0] or:google/gemma-4-31b-it:free codefix
[retry r0] or:google/gemma-4-31b-it:free needle
[retry r0] or:google/gemma-4-31b-it:free safety
[retry r0] or:google/gemma-4-31b-it:free draft
[retry r0] or:google/gemma-4-31b-it:free vision
[retry r0] or:poolside/laguna-s-2.1:free codefix
[retry r0] or:poolside/laguna-s-2.1:free safety
[retry r0] or:thinkingmachines/inkling-small:free json
[retry r0] or:thinkingmachines/inkling-small:free math
[retry r0] or:thinkingmachines/inkling-small:free codefix
[retry r0] or:thinkingmachines/inkling-small:free needle
[retry r0] or:thinkingmachines/inkling-small:free safety
[retry r0] or:thinkingmachines/inkling-small:free draft
[retry r0] or:thinkingmachines/inkling-small:free vision
[retry r0] or:thinkingmachines/inkling:free json
[retry r0] or:thinkingmachines/inkling:free math
[retry r0] or:thinkingmachines/inkling:free codefix
[retry r0] or:thinkingmachines/inkling:free needle
[retry r0] or:thinkingmachines/inkling:free safety
[retry r0] or:thinkingmachines/inkling:free draft
[retry r0] or:thinkingmachines/inkling:free vision
[retry r0] or:z-ai/glm-5.2:free json
[retry r0] or:z-ai/glm-5.2:free math
[retry r0] or:z-ai/glm-5.2:free codefix
[retry r0] or:z-ai/glm-5.2:free needle
[retry r0] or:z-ai/glm-5.2:free safety
[retry r0] zen:big-pickle json
[retry r0] zen:big-pickle math
[retry r0] zen:big-pickle codefix
[retry r0] zen:big-pickle needle
[retry r0] zen:big-pickle safety
[retry r0] zen:big-pickle draft
[retry r0] zen:mimo-v2.5-free json
[retry r0] zen:mimo-v2.5-free math
[retry r0] zen:muse-spark-1.2-contributor-free json
[retry r0] zen:muse-spark-1.2-contributor-free math
[retry r0] zen:muse-spark-1.3-contributor-free json
[retry r0] zen:muse-spark-1.3-contributor-free math
[retry r0] zen:muse-spark-1.3-contributor-free codefix
[retry r0] zen:muse-spark-1.3-contributor-free needle
[retry r0] zen:muse-spark-1.3-contributor-free safety
[retry r0] zen:muse-spark-1.3-contributor-free draft
[retry r0] zen:muse-spark-1.3-contributor-free vision
round 0: 53 errored probes remained
cooling 120s before next round...
[retry r1] or:dots-studio/dots-3-note-preview:free safety
[retry r1] or:google/gemma-4-26b-a4b-it:free json
[retry r1] or:google/gemma-4-26b-a4b-it:free math
[retry r1] or:google/gemma-4-26b-a4b-it:free codefix
[retry r1] or:google/gemma-4-26b-a4b-it:free needle
[retry r1] or:google/gemma-4-26b-a4b-it:free safety
[retry r1] or:google/gemma-4-26b-a4b-it:free draft
[retry r1] or:google/gemma-4-26b-a4b-it:free vision
[retry r1] or:google/gemma-4-31b-it:free json
[retry r1] or:google/gemma-4-31b-it:free math
[retry r1] or:google/gemma-4-31b-it:free codefix
[retry r1] or:google/gemma-4-31b-it:free needle
[retry r1] or:google/gemma-4-31b-it:free safety
[retry r1] or:google/gemma-4-31b-it:free draft
[retry r1] or:google/gemma-4-31b-it:free vision
[retry r1] or:poolside/laguna-s-2.1:free safety
[retry r1] or:thinkingmachines/inkling-small:free json
[retry r1] or:thinkingmachines/inkling-small:free math
[retry r1] or:thinkingmachines/inkling-small:free codefix
[retry r1] or:thinkingmachines/inkling-small:free needle
[retry r1] or:thinkingmachines/inkling-small:free safety
[retry r1] or:thinkingmachines/inkling-small:free draft
[retry r1] or:thinkingmachines/inkling-small:free vision
[retry r1] or:thinkingmachines/inkling:free json
[retry r1] or:thinkingmachines/inkling:free math
[retry r1] or:thinkingmachines/inkling:free codefix
[retry r1] or:thinkingmachines/inkling:free needle
[retry r1] or:thinkingmachines/inkling:free safety
[retry r1] or:thinkingmachines/inkling:free draft
[retry r1] or:thinkingmachines/inkling:free vision
[retry r1] or:z-ai/glm-5.2:free json
[retry r1] or:z-ai/glm-5.2:free math
[retry r1] or:z-ai/glm-5.2:free codefix
[retry r1] or:z-ai/glm-5.2:free needle
[retry r1] or:z-ai/glm-5.2:free safety
[retry r1] zen:big-pickle json
[retry r1] zen:big-pickle math
[retry r1] zen:big-pickle codefix
[retry r1] zen:big-pickle needle
[retry r1] zen:big-pickle safety
[retry r1] zen:big-pickle draft
[retry r1] zen:mimo-v2.5-free json
[retry r1] zen:mimo-v2.5-free math
[retry r1] zen:muse-spark-1.2-contributor-free json
[retry r1] zen:muse-spark-1.2-contributor-free math
[retry r1] zen:muse-spark-1.3-contributor-free json
[retry r1] zen:muse-spark-1.3-contributor-free math
[retry r1] zen:muse-spark-1.3-contributor-free codefix
[retry r1] zen:muse-spark-1.3-contributor-free needle
[retry r1] zen:muse-spark-1.3-contributor-free safety
[retry r1] zen:muse-spark-1.3-contributor-free draft
[retry r1] zen:muse-spark-1.3-contributor-free vision
round 1: 52 errored probes remained
cooling 120s before next round...
[retry r2] or:dots-studio/dots-3-note-preview:free safety
[retry r2] or:google/gemma-4-26b-a4b-it:free json
[retry r2] or:google/gemma-4-26b-a4b-it:free math
[retry r2] or:google/gemma-4-26b-a4b-it:free codefix
[retry r2] or:google/gemma-4-26b-a4b-it:free needle
[retry r2] or:google/gemma-4-26b-a4b-it:free safety
[retry r2] or:google/gemma-4-26b-a4b-it:free draft
[retry r2] or:google/gemma-4-26b-a4b-it:free vision
[retry r2] or:google/gemma-4-31b-it:free json
[retry r2] or:google/gemma-4-31b-it:free math
[retry r2] or:google/gemma-4-31b-it:free codefix
[retry r2] or:google/gemma-4-31b-it:free needle
[retry r2] or:google/gemma-4-31b-it:free safety
[retry r2] or:google/gemma-4-31b-it:free draft
[retry r2] or:google/gemma-4-31b-it:free vision
[retry r2] or:poolside/laguna-s-2.1:free safety
[retry r2] or:thinkingmachines/inkling-small:free json
[retry r2] or:thinkingmachines/inkling-small:free math
[retry r2] or:thinkingmachines/inkling-small:free codefix
[retry r2] or:thinkingmachines/inkling-small:free needle
[retry r2] or:thinkingmachines/inkling-small:free safety
[retry r2] or:thinkingmachines/inkling-small:free draft
[retry r2] or:thinkingmachines/inkling-small:free vision
[retry r2] or:thinkingmachines/inkling:free json
[retry r2] or:thinkingmachines/inkling:free math
[retry r2] or:thinkingmachines/inkling:free codefix
[retry r2] or:thinkingmachines/inkling:free needle
[retry r2] or:thinkingmachines/inkling:free safety
[retry r2] or:thinkingmachines/inkling:free draft
[retry r2] or:thinkingmachines/inkling:free vision
[retry r2] or:z-ai/glm-5.2:free json
[retry r2] or:z-ai/glm-5.2:free math
[retry r2] or:z-ai/glm-5.2:free codefix
[retry r2] or:z-ai/glm-5.2:free needle
[retry r2] or:z-ai/glm-5.2:free safety
[retry r2] zen:big-pickle json
[retry r2] zen:big-pickle math
[retry r2] zen:big-pickle codefix
[retry r2] zen:big-pickle needle
[retry r2] zen:big-pickle safety
[retry r2] zen:big-pickle draft
[retry r2] zen:mimo-v2.5-free json
[retry r2] zen:mimo-v2.5-free math
[retry r2] zen:muse-spark-1.2-contributor-free json
[retry r2] zen:muse-spark-1.2-contributor-free math
[retry r2] zen:muse-spark-1.3-contributor-free json
[retry r2] zen:muse-spark-1.3-contributor-free math
[retry r2] zen:muse-spark-1.3-contributor-free codefix
[retry r2] zen:muse-spark-1.3-contributor-free needle
[retry r2] zen:muse-spark-1.3-contributor-free safety
[retry r2] zen:muse-spark-1.3-contributor-free draft
[retry r2] zen:muse-spark-1.3-contributor-free vision
round 2: 52 errored probes remained
RETRY PASS DONE
EXIT:0
